// Jest Snapshot v1, https://goo.gl/fbAQLP

exports[`main script has expected exports 1`] = `
Array [
  "AlertDialog",
  "Avatar",
  "BorderlessRipple",
  "Button",
  "Checkbox",
  "CircleHighlight",
  "CircleRipple",
  "CommunityIcon",
  "ConfirmDialog",
  "CoreCheckbox",
  "CoreDialog",
  "CoreRadio",
  "CoreRipple",
  "Dialog",
  "DialogModal",
  "Divider",
  "FAB",
  "Icon",
  "ItemRipple",
  "LabeledCheckbox",
  "LabeledRadio",
  "MaterialText",
  "MaterialTheme",
  "PickerDialog",
  "Radio",
  "RectRipple",
  "Subheader",
  "TextField",
  "ThemeProvider",
  "colors",
  "contrast",
  "createIconComponent",
  "easing",
  "elevation",
  "getMaterialTheme",
  "shades",
  "typo",
  "withMaterialStyles",
  "withMaterialTheme",
]
`;
